Archive member included to satisfy reference by file (symbol)

/usr/lib/gcc/arm-none-eabi/9.2.1/thumb/v6-m/nofp/libgcc.a(_udivsi3.o)
                              lib.o (__aeabi_uidiv)
/usr/lib/gcc/arm-none-eabi/9.2.1/thumb/v6-m/nofp/libgcc.a(_dvmd_tls.o)
                              /usr/lib/gcc/arm-none-eabi/9.2.1/thumb/v6-m/nofp/libgcc.a(_udivsi3.o) (__aeabi_idiv0)

Allocating common symbols
Common symbol       size              file

message             0x64              redLightTransmitter.o
num_bits_to_send    0x4               redLightTransmitter.o
bits_to_send        0x1770            redLightTransmitter.o

Memory Configuration

Name             Origin             Length             Attributes
FLASH            0x0000000000000000 0x0000000000040000 xr
RAM              0x0000000020000000 0x0000000000004000 xrw
*default*        0x0000000000000000 0xffffffffffffffff

Linker script and memory map

LOAD redLightTransmitter.o
LOAD lib.o
LOAD startup.o
LOAD /usr/lib/gcc/arm-none-eabi/9.2.1/thumb/v6-m/nofp/libgcc.a

.text           0x0000000000000000      0xae8
 *(.vectors)
 .vectors       0x0000000000000000       0xc0 startup.o
                0x0000000000000000                __vectors
 *(.text*)
 .text          0x00000000000000c0      0x458 redLightTransmitter.o
                0x00000000000000c0                buf_put
                0x00000000000000e0                buf_get
                0x0000000000000104                serial_init
                0x000000000000017c                uart_handler
                0x00000000000001e8                serial_putc
                0x0000000000000224                print_buf
                0x000000000000024c                serial_getc
                0x0000000000000284                serial_getline
                0x00000000000002f8                advance
                0x000000000000036c                timer1_handler
                0x0000000000000388                init_timer
                0x00000000000003e8                init
 .text          0x0000000000000518      0x274 lib.o
                0x000000000000066a                f_storec
                0x0000000000000696                atoi
                0x00000000000006d8                xtou
                0x0000000000000712                do_print
                0x0000000000000728                sprintf
                0x000000000000075c                printf
 .text          0x000000000000078c      0x17c startup.o
                0x000000000000078c                default_start
                0x000000000000078c                __start
                0x0000000000000796                memcpy
                0x00000000000007aa                memmove
                0x00000000000007d2                memset
                0x00000000000007e4                __reset
                0x0000000000000838                memcmp
                0x000000000000085e                irq_priority
                0x00000000000008bc                delay_loop
                0x00000000000008ce                default_handler
                0x00000000000008ce                spin
 .text          0x0000000000000908      0x114 /usr/lib/gcc/arm-none-eabi/9.2.1/thumb/v6-m/nofp/libgcc.a(_udivsi3.o)
                0x0000000000000908                __udivsi3
                0x0000000000000908                __aeabi_uidiv
                0x0000000000000a14                __aeabi_uidivmod
 .text          0x0000000000000a1c        0x4 /usr/lib/gcc/arm-none-eabi/9.2.1/thumb/v6-m/nofp/libgcc.a(_dvmd_tls.o)
                0x0000000000000a1c                __aeabi_ldiv0
                0x0000000000000a1c                __aeabi_idiv0
 *(.rodata*)
 .rodata.str1.4
                0x0000000000000a20       0x5c redLightTransmitter.o
 .rodata.str1.4
                0x0000000000000a7c       0x11 lib.o
 *fill*         0x0000000000000a8d        0x3 
 .rodata        0x0000000000000a90       0x58 lib.o
                0x0000000000000ae8                . = ALIGN (0x4)
                0x0000000000000ae8                __etext = .
                0x00000000000008ce                PROVIDE (nmi_handler = default_handler)
                0x00000000000008ce                PROVIDE (hardfault_handler = default_handler)
                0x00000000000008ce                PROVIDE (svc_handler = default_handler)
                0x00000000000008ce                PROVIDE (pendsv_handler = default_handler)
                0x00000000000008ce                PROVIDE (systick_handler = default_handler)
                [!provide]                        PROVIDE (uart_handler = default_handler)
                0x00000000000008ce                PROVIDE (timer0_handler = default_handler)
                [!provide]                        PROVIDE (timer1_handler = default_handler)
                0x00000000000008ce                PROVIDE (timer2_handler = default_handler)
                0x00000000000008ce                PROVIDE (power_clock_handler = default_handler)
                0x00000000000008ce                PROVIDE (radio_handler = default_handler)
                0x00000000000008ce                PROVIDE (i2c_handler = default_handler)
                0x00000000000008ce                PROVIDE (spi_handler = default_handler)
                0x00000000000008ce                PROVIDE (gpiote_handler = default_handler)
                0x00000000000008ce                PROVIDE (adc_handler = default_handler)
                0x00000000000008ce                PROVIDE (rtc0_handler = default_handler)
                0x00000000000008ce                PROVIDE (temp_handler = default_handler)
                0x00000000000008ce                PROVIDE (rng_handler = default_handler)
                0x00000000000008ce                PROVIDE (ecb_handler = default_handler)
                0x00000000000008ce                PROVIDE (ccm_aar_handler = default_handler)
                0x00000000000008ce                PROVIDE (wdt_handler = default_handler)
                0x00000000000008ce                PROVIDE (rtc1_handler = default_handler)
                0x00000000000008ce                PROVIDE (qdec_handler = default_handler)
                0x00000000000008ce                PROVIDE (lpcomp_handler = default_handler)
                0x00000000000008ce                PROVIDE (swi0_handler = default_handler)
                0x00000000000008ce                PROVIDE (swi1_handler = default_handler)
                0x00000000000008ce                PROVIDE (swi2_handler = default_handler)
                0x00000000000008ce                PROVIDE (swi3_handler = default_handler)
                0x00000000000008ce                PROVIDE (swi4_handler = default_handler)
                0x00000000000008ce                PROVIDE (swi5_handler = default_handler)

.glue_7         0x0000000000000ae8        0x0
 .glue_7        0x0000000000000ae8        0x0 linker stubs

.glue_7t        0x0000000000000ae8        0x0
 .glue_7t       0x0000000000000ae8        0x0 linker stubs

.vfp11_veneer   0x0000000000000ae8        0x0
 .vfp11_veneer  0x0000000000000ae8        0x0 linker stubs

.v4_bx          0x0000000000000ae8        0x0
 .v4_bx         0x0000000000000ae8        0x0 linker stubs

.iplt           0x0000000000000ae8        0x0
 .iplt          0x0000000000000ae8        0x0 redLightTransmitter.o

.rel.dyn        0x0000000000000ae8        0x0
 .rel.iplt      0x0000000000000ae8        0x0 redLightTransmitter.o

.data           0x0000000020000000        0x4 load address 0x0000000000000ae8
                0x0000000020000000                __data_start = .
 *(.data*)
 .data          0x0000000020000000        0x4 redLightTransmitter.o
                0x0000000020000000                ticksPerBit
 .data          0x0000000020000004        0x0 lib.o
 .data          0x0000000020000004        0x0 startup.o
 .data          0x0000000020000004        0x0 /usr/lib/gcc/arm-none-eabi/9.2.1/thumb/v6-m/nofp/libgcc.a(_udivsi3.o)
 .data          0x0000000020000004        0x0 /usr/lib/gcc/arm-none-eabi/9.2.1/thumb/v6-m/nofp/libgcc.a(_dvmd_tls.o)
                0x0000000020000004                . = ALIGN (0x4)
                0x0000000020000004                __data_end = .

.igot.plt       0x0000000020000004        0x0 load address 0x0000000000000aec
 .igot.plt      0x0000000020000004        0x0 redLightTransmitter.o

.bss            0x0000000020000004     0x1900 load address 0x0000000000000aec
                0x0000000020000004                __bss_start = .
 *(.bss*)
 .bss           0x0000000020000004      0x128 redLightTransmitter.o
                0x0000000020000020                clock_counter
                0x0000000020000024                cur_bit
                0x0000000020000028                done
 .bss           0x000000002000012c        0x0 lib.o
 .bss           0x000000002000012c        0x0 startup.o
 .bss           0x000000002000012c        0x0 /usr/lib/gcc/arm-none-eabi/9.2.1/thumb/v6-m/nofp/libgcc.a(_udivsi3.o)
 .bss           0x000000002000012c        0x0 /usr/lib/gcc/arm-none-eabi/9.2.1/thumb/v6-m/nofp/libgcc.a(_dvmd_tls.o)
 *(COMMON)
 COMMON         0x000000002000012c     0x17d8 redLightTransmitter.o
                0x000000002000012c                message
                0x0000000020000190                num_bits_to_send
                0x0000000020000194                bits_to_send
                0x0000000020001904                . = ALIGN (0x4)
                0x0000000020001904                __bss_end = .
                0x0000000020001904                __end = .
                0x0000000020004000                __stack = (ORIGIN (RAM) + LENGTH (RAM))
                0x0000000020003800                __stack_limit = (__stack - 0x800)
                0x0000000000000001                ASSERT ((__stack_limit >= __end), region RAM overlaps with stack)
OUTPUT(redLightTransmitter.elf elf32-littlearm)
LOAD linker stubs

.debug_info     0x0000000000000000     0x1147
 .debug_info    0x0000000000000000      0x5b0 redLightTransmitter.o
 .debug_info    0x00000000000005b0      0x78b lib.o
 .debug_info    0x0000000000000d3b      0x3c0 startup.o
 .debug_info    0x00000000000010fb       0x26 /usr/lib/gcc/arm-none-eabi/9.2.1/thumb/v6-m/nofp/libgcc.a(_udivsi3.o)
 .debug_info    0x0000000000001121       0x26 /usr/lib/gcc/arm-none-eabi/9.2.1/thumb/v6-m/nofp/libgcc.a(_dvmd_tls.o)

.debug_abbrev   0x0000000000000000      0x61d
 .debug_abbrev  0x0000000000000000      0x19a redLightTransmitter.o
 .debug_abbrev  0x000000000000019a      0x2e1 lib.o
 .debug_abbrev  0x000000000000047b      0x17a startup.o
 .debug_abbrev  0x00000000000005f5       0x14 /usr/lib/gcc/arm-none-eabi/9.2.1/thumb/v6-m/nofp/libgcc.a(_udivsi3.o)
 .debug_abbrev  0x0000000000000609       0x14 /usr/lib/gcc/arm-none-eabi/9.2.1/thumb/v6-m/nofp/libgcc.a(_dvmd_tls.o)

.debug_loc      0x0000000000000000     0x103b
 .debug_loc     0x0000000000000000      0x36f redLightTransmitter.o
 .debug_loc     0x000000000000036f      0x75a lib.o
 .debug_loc     0x0000000000000ac9      0x572 startup.o

.debug_aranges  0x0000000000000000       0xa0
 .debug_aranges
                0x0000000000000000       0x20 redLightTransmitter.o
 .debug_aranges
                0x0000000000000020       0x20 lib.o
 .debug_aranges
                0x0000000000000040       0x20 startup.o
 .debug_aranges
                0x0000000000000060       0x20 /usr/lib/gcc/arm-none-eabi/9.2.1/thumb/v6-m/nofp/libgcc.a(_udivsi3.o)
 .debug_aranges
                0x0000000000000080       0x20 /usr/lib/gcc/arm-none-eabi/9.2.1/thumb/v6-m/nofp/libgcc.a(_dvmd_tls.o)

.debug_ranges   0x0000000000000000       0xb8
 .debug_ranges  0x0000000000000000       0x80 redLightTransmitter.o
 .debug_ranges  0x0000000000000080       0x38 lib.o

.debug_line     0x0000000000000000      0xc0f
 .debug_line    0x0000000000000000      0x555 redLightTransmitter.o
 .debug_line    0x0000000000000555      0x37e lib.o
 .debug_line    0x00000000000008d3      0x270 startup.o
 .debug_line    0x0000000000000b43       0x6c /usr/lib/gcc/arm-none-eabi/9.2.1/thumb/v6-m/nofp/libgcc.a(_udivsi3.o)
 .debug_line    0x0000000000000baf       0x60 /usr/lib/gcc/arm-none-eabi/9.2.1/thumb/v6-m/nofp/libgcc.a(_dvmd_tls.o)

.debug_str      0x0000000000000000      0x3e9
 .debug_str     0x0000000000000000      0x1f6 redLightTransmitter.o
                                        0x228 (size before relaxing)
 .debug_str     0x00000000000001f6       0x88 lib.o
                                        0x199 (size before relaxing)
 .debug_str     0x000000000000027e       0xc8 startup.o
                                        0x1b8 (size before relaxing)
 .debug_str     0x0000000000000346       0xa3 /usr/lib/gcc/arm-none-eabi/9.2.1/thumb/v6-m/nofp/libgcc.a(_udivsi3.o)
 .debug_str     0x00000000000003e9       0xa3 /usr/lib/gcc/arm-none-eabi/9.2.1/thumb/v6-m/nofp/libgcc.a(_dvmd_tls.o)

.comment        0x0000000000000000       0x59
 .comment       0x0000000000000000       0x59 redLightTransmitter.o
                                         0x5a (size before relaxing)
 .comment       0x0000000000000059       0x5a lib.o
 .comment       0x0000000000000059       0x5a startup.o

.ARM.attributes
                0x0000000000000000       0x2c
 .ARM.attributes
                0x0000000000000000       0x2c redLightTransmitter.o
 .ARM.attributes
                0x000000000000002c       0x2c lib.o
 .ARM.attributes
                0x0000000000000058       0x2c startup.o
 .ARM.attributes
                0x0000000000000084       0x1e /usr/lib/gcc/arm-none-eabi/9.2.1/thumb/v6-m/nofp/libgcc.a(_udivsi3.o)
 .ARM.attributes
                0x00000000000000a2       0x1e /usr/lib/gcc/arm-none-eabi/9.2.1/thumb/v6-m/nofp/libgcc.a(_dvmd_tls.o)

.debug_frame    0x0000000000000000      0x370
 .debug_frame   0x0000000000000000      0x130 redLightTransmitter.o
 .debug_frame   0x0000000000000130      0x138 lib.o
 .debug_frame   0x0000000000000268       0xe8 startup.o
 .debug_frame   0x0000000000000350       0x20 /usr/lib/gcc/arm-none-eabi/9.2.1/thumb/v6-m/nofp/libgcc.a(_udivsi3.o)
