Archive member included to satisfy reference by file (symbol)

/usr/lib/gcc/arm-none-eabi/9.2.1/thumb/v6-m/nofp/libgcc.a(_udivsi3.o)
                              whiteLightReceiver.o (__aeabi_uidiv)
/usr/lib/gcc/arm-none-eabi/9.2.1/thumb/v6-m/nofp/libgcc.a(_divsi3.o)
                              whiteLightReceiver.o (__aeabi_idiv)
/usr/lib/gcc/arm-none-eabi/9.2.1/thumb/v6-m/nofp/libgcc.a(_dvmd_tls.o)
                              /usr/lib/gcc/arm-none-eabi/9.2.1/thumb/v6-m/nofp/libgcc.a(_udivsi3.o) (__aeabi_idiv0)

Allocating common symbols
Common symbol       size              file

bitstream           0x1770            whiteLightReceiver.o
samples             0x1770            whiteLightReceiver.o

Memory Configuration

Name             Origin             Length             Attributes
FLASH            0x0000000000000000 0x0000000000040000 xr
RAM              0x0000000020000000 0x0000000000004000 xrw
*default*        0x0000000000000000 0xffffffffffffffff

Linker script and memory map

LOAD whiteLightReceiver.o
LOAD lib.o
LOAD startup.o
LOAD /usr/lib/gcc/arm-none-eabi/9.2.1/thumb/v6-m/nofp/libgcc.a

.text           0x0000000000000000      0xda4
 *(.vectors)
 .vectors       0x0000000000000000       0xc0 startup.o
                0x0000000000000000                __vectors
 *(.text*)
 .text          0x00000000000000c0      0x53c whiteLightReceiver.o
                0x00000000000000c0                buf_put
                0x00000000000000e0                buf_get
                0x0000000000000104                serial_init
                0x000000000000016c                uart_handler
                0x00000000000001a4                serial_putc
                0x00000000000001e0                print_buf
                0x0000000000000208                start_timer
                0x0000000000000234                stop_timer
                0x0000000000000264                timer1_handler
                0x00000000000002d0                init_timer
                0x0000000000000338                init_adc
                0x00000000000003a8                adc_handler
                0x00000000000003ec                init
 .text          0x00000000000005fc      0x274 lib.o
                0x000000000000074e                f_storec
                0x000000000000077a                atoi
                0x00000000000007bc                xtou
                0x00000000000007f6                do_print
                0x000000000000080c                sprintf
                0x0000000000000840                printf
 .text          0x0000000000000870      0x17c startup.o
                0x0000000000000870                default_start
                0x0000000000000870                __start
                0x000000000000087a                memcpy
                0x000000000000088e                memmove
                0x00000000000008b6                memset
                0x00000000000008c8                __reset
                0x000000000000091c                memcmp
                0x0000000000000942                irq_priority
                0x00000000000009a0                delay_loop
                0x00000000000009b2                default_handler
                0x00000000000009b2                spin
 .text          0x00000000000009ec      0x114 /usr/lib/gcc/arm-none-eabi/9.2.1/thumb/v6-m/nofp/libgcc.a(_udivsi3.o)
                0x00000000000009ec                __udivsi3
                0x00000000000009ec                __aeabi_uidiv
                0x0000000000000af8                __aeabi_uidivmod
 .text          0x0000000000000b00      0x1d4 /usr/lib/gcc/arm-none-eabi/9.2.1/thumb/v6-m/nofp/libgcc.a(_divsi3.o)
                0x0000000000000b00                __aeabi_idiv
                0x0000000000000b00                __divsi3
                0x0000000000000ccc                __aeabi_idivmod
 .text          0x0000000000000cd4        0x4 /usr/lib/gcc/arm-none-eabi/9.2.1/thumb/v6-m/nofp/libgcc.a(_dvmd_tls.o)
                0x0000000000000cd4                __aeabi_ldiv0
                0x0000000000000cd4                __aeabi_idiv0
 *(.rodata*)
 .rodata.str1.4
                0x0000000000000cd8       0x5f whiteLightReceiver.o
 *fill*         0x0000000000000d37        0x1 
 .rodata.str1.4
                0x0000000000000d38       0x11 lib.o
 *fill*         0x0000000000000d49        0x3 
 .rodata        0x0000000000000d4c       0x58 lib.o
                0x0000000000000da4                . = ALIGN (0x4)
                0x0000000000000da4                __etext = .
                0x00000000000009b2                PROVIDE (nmi_handler = default_handler)
                0x00000000000009b2                PROVIDE (hardfault_handler = default_handler)
                0x00000000000009b2                PROVIDE (svc_handler = default_handler)
                0x00000000000009b2                PROVIDE (pendsv_handler = default_handler)
                0x00000000000009b2                PROVIDE (systick_handler = default_handler)
                [!provide]                        PROVIDE (uart_handler = default_handler)
                0x00000000000009b2                PROVIDE (timer0_handler = default_handler)
                [!provide]                        PROVIDE (timer1_handler = default_handler)
                0x00000000000009b2                PROVIDE (timer2_handler = default_handler)
                0x00000000000009b2                PROVIDE (power_clock_handler = default_handler)
                0x00000000000009b2                PROVIDE (radio_handler = default_handler)
                0x00000000000009b2                PROVIDE (i2c_handler = default_handler)
                0x00000000000009b2                PROVIDE (spi_handler = default_handler)
                0x00000000000009b2                PROVIDE (gpiote_handler = default_handler)
                [!provide]                        PROVIDE (adc_handler = default_handler)
                0x00000000000009b2                PROVIDE (rtc0_handler = default_handler)
                0x00000000000009b2                PROVIDE (temp_handler = default_handler)
                0x00000000000009b2                PROVIDE (rng_handler = default_handler)
                0x00000000000009b2                PROVIDE (ecb_handler = default_handler)
                0x00000000000009b2                PROVIDE (ccm_aar_handler = default_handler)
                0x00000000000009b2                PROVIDE (wdt_handler = default_handler)
                0x00000000000009b2                PROVIDE (rtc1_handler = default_handler)
                0x00000000000009b2                PROVIDE (qdec_handler = default_handler)
                0x00000000000009b2                PROVIDE (lpcomp_handler = default_handler)
                0x00000000000009b2                PROVIDE (swi0_handler = default_handler)
                0x00000000000009b2                PROVIDE (swi1_handler = default_handler)
                0x00000000000009b2                PROVIDE (swi2_handler = default_handler)
                0x00000000000009b2                PROVIDE (swi3_handler = default_handler)
                0x00000000000009b2                PROVIDE (swi4_handler = default_handler)
                0x00000000000009b2                PROVIDE (swi5_handler = default_handler)

.glue_7         0x0000000000000da4        0x0
 .glue_7        0x0000000000000da4        0x0 linker stubs

.glue_7t        0x0000000000000da4        0x0
 .glue_7t       0x0000000000000da4        0x0 linker stubs

.vfp11_veneer   0x0000000000000da4        0x0
 .vfp11_veneer  0x0000000000000da4        0x0 linker stubs

.v4_bx          0x0000000000000da4        0x0
 .v4_bx         0x0000000000000da4        0x0 linker stubs

.iplt           0x0000000000000da4        0x0
 .iplt          0x0000000000000da4        0x0 whiteLightReceiver.o

.rel.dyn        0x0000000000000da4        0x0
 .rel.iplt      0x0000000000000da4        0x0 whiteLightReceiver.o

.data           0x0000000020000000        0x4 load address 0x0000000000000da4
                0x0000000020000000                __data_start = .
 *(.data*)
 .data          0x0000000020000000        0x4 whiteLightReceiver.o
 .data          0x0000000020000004        0x0 lib.o
 .data          0x0000000020000004        0x0 startup.o
 .data          0x0000000020000004        0x0 /usr/lib/gcc/arm-none-eabi/9.2.1/thumb/v6-m/nofp/libgcc.a(_udivsi3.o)
 .data          0x0000000020000004        0x0 /usr/lib/gcc/arm-none-eabi/9.2.1/thumb/v6-m/nofp/libgcc.a(_divsi3.o)
 .data          0x0000000020000004        0x0 /usr/lib/gcc/arm-none-eabi/9.2.1/thumb/v6-m/nofp/libgcc.a(_dvmd_tls.o)
                0x0000000020000004                . = ALIGN (0x4)
                0x0000000020000004                __data_end = .

.igot.plt       0x0000000020000004        0x0 load address 0x0000000000000da8
 .igot.plt      0x0000000020000004        0x0 whiteLightReceiver.o

.bss            0x0000000020000004     0x2f7c load address 0x0000000000000da8
                0x0000000020000004                __bss_start = .
 *(.bss*)
 .bss           0x0000000020000004       0x9c whiteLightReceiver.o
 .bss           0x00000000200000a0        0x0 lib.o
 .bss           0x00000000200000a0        0x0 startup.o
 .bss           0x00000000200000a0        0x0 /usr/lib/gcc/arm-none-eabi/9.2.1/thumb/v6-m/nofp/libgcc.a(_udivsi3.o)
 .bss           0x00000000200000a0        0x0 /usr/lib/gcc/arm-none-eabi/9.2.1/thumb/v6-m/nofp/libgcc.a(_divsi3.o)
 .bss           0x00000000200000a0        0x0 /usr/lib/gcc/arm-none-eabi/9.2.1/thumb/v6-m/nofp/libgcc.a(_dvmd_tls.o)
 *(COMMON)
 COMMON         0x00000000200000a0     0x2ee0 whiteLightReceiver.o
                0x00000000200000a0                bitstream
                0x0000000020001810                samples
                0x0000000020002f80                . = ALIGN (0x4)
                0x0000000020002f80                __bss_end = .
                0x0000000020002f80                __end = .
                0x0000000020004000                __stack = (ORIGIN (RAM) + LENGTH (RAM))
                0x0000000020003800                __stack_limit = (__stack - 0x800)
                0x0000000000000001                ASSERT ((__stack_limit >= __end), region RAM overlaps with stack)
OUTPUT(whiteLightReceiver.elf elf32-littlearm)
LOAD linker stubs

.debug_info     0x0000000000000000     0x1177
 .debug_info    0x0000000000000000      0x5ba whiteLightReceiver.o
 .debug_info    0x00000000000005ba      0x78b lib.o
 .debug_info    0x0000000000000d45      0x3c0 startup.o
 .debug_info    0x0000000000001105       0x26 /usr/lib/gcc/arm-none-eabi/9.2.1/thumb/v6-m/nofp/libgcc.a(_udivsi3.o)
 .debug_info    0x000000000000112b       0x26 /usr/lib/gcc/arm-none-eabi/9.2.1/thumb/v6-m/nofp/libgcc.a(_divsi3.o)
 .debug_info    0x0000000000001151       0x26 /usr/lib/gcc/arm-none-eabi/9.2.1/thumb/v6-m/nofp/libgcc.a(_dvmd_tls.o)

.debug_abbrev   0x0000000000000000      0x657
 .debug_abbrev  0x0000000000000000      0x1c0 whiteLightReceiver.o
 .debug_abbrev  0x00000000000001c0      0x2e1 lib.o
 .debug_abbrev  0x00000000000004a1      0x17a startup.o
 .debug_abbrev  0x000000000000061b       0x14 /usr/lib/gcc/arm-none-eabi/9.2.1/thumb/v6-m/nofp/libgcc.a(_udivsi3.o)
 .debug_abbrev  0x000000000000062f       0x14 /usr/lib/gcc/arm-none-eabi/9.2.1/thumb/v6-m/nofp/libgcc.a(_divsi3.o)
 .debug_abbrev  0x0000000000000643       0x14 /usr/lib/gcc/arm-none-eabi/9.2.1/thumb/v6-m/nofp/libgcc.a(_dvmd_tls.o)

.debug_loc      0x0000000000000000     0x1103
 .debug_loc     0x0000000000000000      0x437 whiteLightReceiver.o
 .debug_loc     0x0000000000000437      0x75a lib.o
 .debug_loc     0x0000000000000b91      0x572 startup.o

.debug_aranges  0x0000000000000000       0xc0
 .debug_aranges
                0x0000000000000000       0x20 whiteLightReceiver.o
 .debug_aranges
                0x0000000000000020       0x20 lib.o
 .debug_aranges
                0x0000000000000040       0x20 startup.o
 .debug_aranges
                0x0000000000000060       0x20 /usr/lib/gcc/arm-none-eabi/9.2.1/thumb/v6-m/nofp/libgcc.a(_udivsi3.o)
 .debug_aranges
                0x0000000000000080       0x20 /usr/lib/gcc/arm-none-eabi/9.2.1/thumb/v6-m/nofp/libgcc.a(_divsi3.o)
 .debug_aranges
                0x00000000000000a0       0x20 /usr/lib/gcc/arm-none-eabi/9.2.1/thumb/v6-m/nofp/libgcc.a(_dvmd_tls.o)

.debug_ranges   0x0000000000000000       0xa8
 .debug_ranges  0x0000000000000000       0x70 whiteLightReceiver.o
 .debug_ranges  0x0000000000000070       0x38 lib.o

.debug_line     0x0000000000000000      0xc82
 .debug_line    0x0000000000000000      0x555 whiteLightReceiver.o
 .debug_line    0x0000000000000555      0x37e lib.o
 .debug_line    0x00000000000008d3      0x270 startup.o
 .debug_line    0x0000000000000b43       0x6c /usr/lib/gcc/arm-none-eabi/9.2.1/thumb/v6-m/nofp/libgcc.a(_udivsi3.o)
 .debug_line    0x0000000000000baf       0x73 /usr/lib/gcc/arm-none-eabi/9.2.1/thumb/v6-m/nofp/libgcc.a(_divsi3.o)
 .debug_line    0x0000000000000c22       0x60 /usr/lib/gcc/arm-none-eabi/9.2.1/thumb/v6-m/nofp/libgcc.a(_dvmd_tls.o)

.debug_str      0x0000000000000000      0x42a
 .debug_str     0x0000000000000000      0x232 whiteLightReceiver.o
                                        0x243 (size before relaxing)
 .debug_str     0x0000000000000232       0x8d lib.o
                                        0x199 (size before relaxing)
 .debug_str     0x00000000000002bf       0xc8 startup.o
                                        0x1b8 (size before relaxing)
 .debug_str     0x0000000000000387       0xa3 /usr/lib/gcc/arm-none-eabi/9.2.1/thumb/v6-m/nofp/libgcc.a(_udivsi3.o)
 .debug_str     0x000000000000042a       0xa3 /usr/lib/gcc/arm-none-eabi/9.2.1/thumb/v6-m/nofp/libgcc.a(_divsi3.o)
 .debug_str     0x000000000000042a       0xa3 /usr/lib/gcc/arm-none-eabi/9.2.1/thumb/v6-m/nofp/libgcc.a(_dvmd_tls.o)

.comment        0x0000000000000000       0x59
 .comment       0x0000000000000000       0x59 whiteLightReceiver.o
                                         0x5a (size before relaxing)
 .comment       0x0000000000000059       0x5a lib.o
 .comment       0x0000000000000059       0x5a startup.o

.ARM.attributes
                0x0000000000000000       0x2c
 .ARM.attributes
                0x0000000000000000       0x2c whiteLightReceiver.o
 .ARM.attributes
                0x000000000000002c       0x2c lib.o
 .ARM.attributes
                0x0000000000000058       0x2c startup.o
 .ARM.attributes
                0x0000000000000084       0x1e /usr/lib/gcc/arm-none-eabi/9.2.1/thumb/v6-m/nofp/libgcc.a(_udivsi3.o)
 .ARM.attributes
                0x00000000000000a2       0x1e /usr/lib/gcc/arm-none-eabi/9.2.1/thumb/v6-m/nofp/libgcc.a(_divsi3.o)
 .ARM.attributes
                0x00000000000000c0       0x1e /usr/lib/gcc/arm-none-eabi/9.2.1/thumb/v6-m/nofp/libgcc.a(_dvmd_tls.o)

.debug_frame    0x0000000000000000      0x380
 .debug_frame   0x0000000000000000      0x120 whiteLightReceiver.o
 .debug_frame   0x0000000000000120      0x138 lib.o
 .debug_frame   0x0000000000000258       0xe8 startup.o
 .debug_frame   0x0000000000000340       0x20 /usr/lib/gcc/arm-none-eabi/9.2.1/thumb/v6-m/nofp/libgcc.a(_udivsi3.o)
 .debug_frame   0x0000000000000360       0x20 /usr/lib/gcc/arm-none-eabi/9.2.1/thumb/v6-m/nofp/libgcc.a(_divsi3.o)
